Copyright 1986-2018 Xilinx, Inc. All Rights Reserved.
---------------------------------------------------------------------------------------------------------------------------------------------------------------
| Tool Version : Vivado v.2018.3 (lin64) Build 2405991 Thu Dec  6 23:36:41 MST 2018
| Date         : Wed Apr 24 15:47:03 2019
| Host         : xhdrdevl135 running 64-bit CentOS Linux release 7.5.1804 (Core)
| Command      : report_utilization -file pfm_dynamic_xil_snappy_dec_cu1_1_0_utilization_synth.rpt -pb pfm_dynamic_xil_snappy_dec_cu1_1_0_utilization_synth.pb
| Design       : pfm_dynamic_xil_snappy_dec_cu1_1_0
| Device       : xcu200fsgd2104-2
| Design State : Synthesized
---------------------------------------------------------------------------------------------------------------------------------------------------------------

Utilization Design Information

Table of Contents
-----------------
1. CLB Logic
1.1 Summary of Registers by Type
2. BLOCKRAM
3. ARITHMETIC
4. I/O
5. CLOCK
6. ADVANCED
7. CONFIGURATION
8. Primitives
9. Black Boxes
10. Instantiated Netlists
11. SLR Connectivity
12. SLR Connectivity Matrix
13. SLR CLB Logic and Dedicated Block Utilization
14. SLR IO Utilization

1. CLB Logic
------------

+----------------------------+-------+-------+-----------+-------+
|          Site Type         |  Used | Fixed | Available | Util% |
+----------------------------+-------+-------+-----------+-------+
| CLB LUTs*                  | 36870 |     0 |   1182240 |  3.12 |
|   LUT as Logic             | 22228 |     0 |   1182240 |  1.88 |
|   LUT as Memory            | 14642 |     0 |    591840 |  2.47 |
|     LUT as Distributed RAM |  4736 |     0 |           |       |
|     LUT as Shift Register  |  9906 |     0 |           |       |
| CLB Registers              | 41130 |     0 |   2364480 |  1.74 |
|   Register as Flip Flop    | 41130 |     0 |   2364480 |  1.74 |
|   Register as Latch        |     0 |     0 |   2364480 |  0.00 |
| CARRY8                     |   896 |     0 |    147780 |  0.61 |
| F7 Muxes                   |  1207 |     0 |    591120 |  0.20 |
| F8 Muxes                   |   256 |     0 |    295560 |  0.09 |
| F9 Muxes                   |     0 |     0 |    147780 |  0.00 |
+----------------------------+-------+-------+-----------+-------+
* Warning! The Final LUT count, after physical optimizations and full implementation, is typically lower. Run opt_design after synthesis, if not already completed, for a more realistic count.


1.1 Summary of Registers by Type
--------------------------------

+-------+--------------+-------------+--------------+
| Total | Clock Enable | Synchronous | Asynchronous |
+-------+--------------+-------------+--------------+
| 0     |            _ |           - |            - |
| 0     |            _ |           - |          Set |
| 0     |            _ |           - |        Reset |
| 0     |            _ |         Set |            - |
| 0     |            _ |       Reset |            - |
| 0     |          Yes |           - |            - |
| 0     |          Yes |           - |          Set |
| 0     |          Yes |           - |        Reset |
| 427   |          Yes |         Set |            - |
| 40703 |          Yes |       Reset |            - |
+-------+--------------+-------------+--------------+


2. BLOCKRAM
-----------

+-------------------+------+-------+-----------+-------+
|     Site Type     | Used | Fixed | Available | Util% |
+-------------------+------+-------+-----------+-------+
| Block RAM Tile    |  146 |     0 |      2160 |  6.76 |
|   RAMB36/FIFO*    |  145 |     0 |      2160 |  6.71 |
|     RAMB36E2 only |  145 |       |           |       |
|   RAMB18          |    2 |     0 |      4320 |  0.05 |
|     RAMB18E2 only |    2 |       |           |       |
| URAM              |    0 |     0 |       960 |  0.00 |
+-------------------+------+-------+-----------+-------+
* Note: Each Block RAM Tile only has one FIFO logic available and therefore can accommodate only one FIFO36E2 or one FIFO18E2. However, if a FIFO18E2 occupies a Block RAM Tile, that tile can still accommodate a RAMB18E2


3. ARITHMETIC
-------------

+----------------+------+-------+-----------+-------+
|    Site Type   | Used | Fixed | Available | Util% |
+----------------+------+-------+-----------+-------+
| DSPs           |    1 |     0 |      6840 |  0.01 |
|   DSP48E2 only |    1 |       |           |       |
+----------------+------+-------+-----------+-------+


4. I/O
------

+------------+------+-------+-----------+-------+
|  Site Type | Used | Fixed | Available | Util% |
+------------+------+-------+-----------+-------+
| Bonded IOB |    0 |     0 |       676 |  0.00 |
+------------+------+-------+-----------+-------+


5. CLOCK
--------

+----------------------+------+-------+-----------+-------+
|       Site Type      | Used | Fixed | Available | Util% |
+----------------------+------+-------+-----------+-------+
| GLOBAL CLOCK BUFFERs |    0 |     0 |      1800 |  0.00 |
|   BUFGCE             |    0 |     0 |       720 |  0.00 |
|   BUFGCE_DIV         |    0 |     0 |       120 |  0.00 |
|   BUFG_GT            |    0 |     0 |       720 |  0.00 |
|   BUFGCTRL*          |    0 |     0 |       240 |  0.00 |
| PLL                  |    0 |     0 |        60 |  0.00 |
| MMCM                 |    0 |     0 |        30 |  0.00 |
+----------------------+------+-------+-----------+-------+
* Note: Each used BUFGCTRL counts as two global buffer resources. This table does not include global clocking resources, only buffer cell usage. See the Clock Utilization Report (report_clock_utilization) for detailed accounting of global clocking resource availability.


6. ADVANCED
-----------

+-----------------+------+-------+-----------+-------+
|    Site Type    | Used | Fixed | Available | Util% |
+-----------------+------+-------+-----------+-------+
| CMACE4          |    0 |     0 |         9 |  0.00 |
| GTYE4_CHANNEL   |    0 |     0 |        24 |  0.00 |
| GTYE4_COMMON    |    0 |     0 |         6 |  0.00 |
| ILKNE4          |    0 |     0 |         9 |  0.00 |
| OBUFDS_GTE4     |    0 |     0 |        12 |  0.00 |
| OBUFDS_GTE4_ADV |    0 |     0 |        12 |  0.00 |
| PCIE40E4        |    0 |     0 |         6 |  0.00 |
| SYSMONE4        |    0 |     0 |         3 |  0.00 |
+-----------------+------+-------+-----------+-------+


7. CONFIGURATION
----------------

+-------------+------+-------+-----------+-------+
|  Site Type  | Used | Fixed | Available | Util% |
+-------------+------+-------+-----------+-------+
| BSCANE2     |    0 |     0 |        12 |  0.00 |
| DNA_PORTE2  |    0 |     0 |         3 |  0.00 |
| EFUSE_USR   |    0 |     0 |         3 |  0.00 |
| FRAME_ECCE4 |    0 |     0 |         3 |  0.00 |
| ICAPE3      |    0 |     0 |         6 |  0.00 |
| MASTER_JTAG |    0 |     0 |         3 |  0.00 |
| STARTUPE3   |    0 |     0 |         3 |  0.00 |
+-------------+------+-------+-----------+-------+


8. Primitives
-------------

+----------+-------+---------------------+
| Ref Name |  Used | Functional Category |
+----------+-------+---------------------+
| FDRE     | 40703 |            Register |
| LUT6     | 10689 |                 CLB |
| RAMD32   |  8288 |                 CLB |
| SRLC32E  |  8192 |                 CLB |
| LUT4     |  5210 |                 CLB |
| LUT3     |  4033 |                 CLB |
| LUT2     |  2535 |                 CLB |
| LUT5     |  2473 |                 CLB |
| SRL16E   |  1714 |                 CLB |
| MUXF7    |  1207 |                 CLB |
| RAMS32   |  1184 |                 CLB |
| CARRY8   |   896 |                 CLB |
| LUT1     |   692 |                 CLB |
| FDSE     |   427 |            Register |
| MUXF8    |   256 |                 CLB |
| RAMB36E2 |   145 |           Block Ram |
| RAMB18E2 |     2 |           Block Ram |
| DSP48E2  |     1 |          Arithmetic |
+----------+-------+---------------------+


9. Black Boxes
--------------

+----------+------+
| Ref Name | Used |
+----------+------+


10. Instantiated Netlists
-------------------------

+----------+------+
| Ref Name | Used |
+----------+------+


11. SLR Connectivity
--------------------

+----------------------------------+------+-------+-----------+-------+
|                                  | Used | Fixed | Available | Util% |
+----------------------------------+------+-------+-----------+-------+
| SLR2 <-> SLR1                    |    0 |       |     17280 |  0.00 |
|   SLR1 -> SLR2                   |    0 |       |           |  0.00 |
|     Using TX_REG only            |    0 |     0 |           |       |
|     Using RX_REG only            |    0 |     0 |           |       |
|     Using Both TX_REG and RX_REG |    0 |     0 |           |       |
|   SLR2 -> SLR1                   |    0 |       |           |  0.00 |
|     Using TX_REG only            |    0 |     0 |           |       |
|     Using RX_REG only            |    0 |     0 |           |       |
|     Using Both TX_REG and RX_REG |    0 |     0 |           |       |
| SLR1 <-> SLR0                    |    0 |       |     17280 |  0.00 |
|   SLR0 -> SLR1                   |    0 |       |           |  0.00 |
|     Using TX_REG only            |    0 |     0 |           |       |
|     Using RX_REG only            |    0 |     0 |           |       |
|     Using Both TX_REG and RX_REG |    0 |     0 |           |       |
|   SLR1 -> SLR0                   |    0 |       |           |  0.00 |
|     Using TX_REG only            |    0 |     0 |           |       |
|     Using RX_REG only            |    0 |     0 |           |       |
|     Using Both TX_REG and RX_REG |    0 |     0 |           |       |
+----------------------------------+------+-------+-----------+-------+
| Total SLLs Used                  |    0 |       |           |       |
+----------------------------------+------+-------+-----------+-------+


12. SLR Connectivity Matrix
---------------------------

+------+------+------+------+
|      | SLR2 | SLR1 | SLR0 |
+------+------+------+------+
| SLR2 |    0 |    0 |    0 |
| SLR1 |    0 |    0 |    0 |
| SLR0 |    0 |    0 |    0 |
+------+------+------+------+


13. SLR CLB Logic and Dedicated Block Utilization
-------------------------------------------------

+----------------------------+------+------+------+--------+--------+--------+
|          Site Type         | SLR0 | SLR1 | SLR2 | SLR0 % | SLR1 % | SLR2 % |
+----------------------------+------+------+------+--------+--------+--------+
| CLB                        |    0 |    0 |    0 |   0.00 |   0.00 |   0.00 |
|   CLBL                     |    0 |    0 |    0 |   0.00 |   0.00 |   0.00 |
|   CLBM                     |    0 |    0 |    0 |   0.00 |   0.00 |   0.00 |
| CLB LUTs                   |    0 |    0 |    0 |   0.00 |   0.00 |   0.00 |
|   LUT as Logic             |    0 |    0 |    0 |   0.00 |   0.00 |   0.00 |
|   LUT as Memory            |    0 |    0 |    0 |   0.00 |   0.00 |   0.00 |
|     LUT as Distributed RAM |    0 |    0 |    0 |   0.00 |   0.00 |   0.00 |
|     LUT as Shift Register  |    0 |    0 |    0 |   0.00 |   0.00 |   0.00 |
| CLB Registers              |    0 |    0 |    0 |   0.00 |   0.00 |   0.00 |
| CARRY8                     |    0 |    0 |    0 |   0.00 |   0.00 |   0.00 |
| F7 Muxes                   |    0 |    0 |    0 |   0.00 |   0.00 |   0.00 |
| F8 Muxes                   |    0 |    0 |    0 |   0.00 |   0.00 |   0.00 |
| F9 Muxes                   |    0 |    0 |    0 |   0.00 |   0.00 |   0.00 |
| Block RAM Tile             |    0 |    0 |    0 |   0.00 |   0.00 |   0.00 |
|   RAMB36/FIFO              |    0 |    0 |    0 |   0.00 |   0.00 |   0.00 |
|   RAMB18                   |    0 |    0 |    0 |   0.00 |   0.00 |   0.00 |
| URAM                       |    0 |    0 |    0 |   0.00 |   0.00 |   0.00 |
| DSPs                       |    0 |    0 |    0 |   0.00 |   0.00 |   0.00 |
| PLL                        |    0 |    0 |    0 |   0.00 |   0.00 |   0.00 |
| MMCM                       |    0 |    0 |    0 |   0.00 |   0.00 |   0.00 |
| Unique Control Sets        |    0 |    0 |    0 |   0.00 |   0.00 |   0.00 |
+----------------------------+------+------+------+--------+--------+--------+
* Note: Available Control Sets based on CLB Registers / 8


14. SLR IO Utilization
----------------------

+-----------+-------------+---------+--------------+----------+--------------+----------+-----+
| SLR Index | Bonded IOBs | (%)IOBs | Bonded IPADs | (%)IPADs | Bonded OPADs | (%)OPADs | GTs |
+-----------+-------------+---------+--------------+----------+--------------+----------+-----+
| SLR2      |           0 |    0.00 |            0 |     0.00 |            0 |     0.00 |   0 |
| SLR1      |           0 |    0.00 |            0 |     0.00 |            0 |     0.00 |   0 |
| SLR0      |           0 |    0.00 |            0 |     0.00 |            0 |     0.00 |   0 |
+-----------+-------------+---------+--------------+----------+--------------+----------+-----+
| Total     |           0 |         |            0 |          |            0 |          |   0 |
+-----------+-------------+---------+--------------+----------+--------------+----------+-----+


